******************************************************************************
                  TI ARM Linker PC v20.2.5                     
******************************************************************************
>> Linked Mon Mar 21 02:03:32 2022

OUTPUT FILE NAME:   <rtos 2022.out>
ENTRY POINT SYMBOL: "_c_int00_noargs"  address: 000026bd


MEMORY CONFIGURATION

         name            origin    length      used     unused   attr    fill
----------------------  --------  ---------  --------  --------  ----  --------
  FLASH                 00000000   00040000  000027d8  0003d828  R  X
  SRAM                  20000000   00008000  0000750e  00000af2  RW X


SEGMENT ALLOCATION MAP

run origin  load origin   length   init length attrs members
----------  ----------- ---------- ----------- ----- -------
00000000    00000000    000027d8   000027d8    r-x
  00000000    00000000    0000026c   0000026c    r-- .intvecs
  0000026c    0000026c    00002524   00002524    r-x .text
  00002790    00002790    00000048   00000048    r-- .cinit
20000000    20000000    0000150e   00000000    rw-
  20000000    20000000    00001000   00000000    rw- .stack
  20001000    20001000    000004fc   00000000    rw- .bss
  200014fc    200014fc    00000012   00000000    rw- .data
20002000    20002000    00006000   00000000    rw-
  20002000    20002000    00006000   00000000    rw- .TI.bound:heap


SECTION ALLOCATION MAP

 output                                  attributes/
section   page    origin      length       input sections
--------  ----  ----------  ----------   ----------------
.intvecs   0    00000000    0000026c     
                  00000000    0000026c     tm4c123gh6pm_startup_ccs.obj (.intvecs)

.text      0    0000026c    00002524     
                  0000026c    00002060     rtos 2.obj (.text)
                  000022cc    00000198     uart0.obj (.text)
                  00002464    0000009c     rtsv7M4_T_le_v4SPD16_eabi.lib : memcpy_t2.asm.obj (.text)
                  00002500    00000096                                   : ull_div_t2.asm.obj (.text)
                  00002596    0000007a                                   : memset_t2.asm.obj (.text)
                  00002610    00000068                                   : copy_decompress_lzss.c.obj (.text:decompress:lzss:__TI_decompress_lzss)
                  00002678    00000044                                   : autoinit.c.obj (.text:__TI_auto_init_nobinit_nopinit:__TI_auto_init_nobinit_nopinit)
                  000026bc    00000034                                   : boot_cortex_m.c.obj (.text:_c_int00_noargs:_c_int00_noargs)
                  000026f0    00000034     rtos_asm.obj (.text)
                  00002724    00000024     wait.obj (.text)
                  00002748    00000018     rtsv7M4_T_le_v4SPD16_eabi.lib : ll_mul_t2.asm.obj (.text)
                  00002760    0000000e                                   : copy_decompress_none.c.obj (.text:decompress:none:__TI_decompress_none)
                  0000276e    0000000c                                   : copy_zero_init.c.obj (.text:decompress:ZI:__TI_zero_init)
                  0000277a    0000000c     tm4c123gh6pm_startup_ccs.obj (.text)
                  00002786    00000004     rtsv7M4_T_le_v4SPD16_eabi.lib : pre_init.c.obj (.text:_system_pre_init)
                  0000278a    00000004                                   : exit.c.obj (.text:abort:abort)
                  0000278e    00000002                                   : div0.asm.obj (.text)

.cinit     0    00002790    00000048     
                  00002790    00000013     (.cinit..data.load) [load image, compression = lzss]
                  000027a3    00000001     --HOLE-- [fill = 0]
                  000027a4    0000000c     (__TI_handler_table)
                  000027b0    00000008     (.cinit..TI.bound:heap.load) [load image, compression = zero_init]
                  000027b8    00000008     (.cinit..bss.load) [load image, compression = zero_init]
                  000027c0    00000018     (__TI_cinit_table)

.init_array 
*          0    00000000    00000000     UNINITIALIZED

.bss       0    20001000    000004fc     UNINITIALIZED
                  20001000    00000240     (.common:tcb)
                  20001240    000000c0     (.common:Time)
                  20001300    0000008c     (.common:semaphores)
                  2000138c    0000007a     (.common:data)
                  20001406    00000002     --HOLE--
                  20001408    00000060     (.common:floatCpu)
                  20001468    00000060     (.common:intCpu)
                  200014c8    00000034     (.common:str)

.data      0    200014fc    00000012     UNINITIALIZED
                  200014fc    00000012     rtos 2.obj (.data)

.stack     0    20000000    00001000     UNINITIALIZED
                  20000000    00000004     rtsv7M4_T_le_v4SPD16_eabi.lib : boot_cortex_m.c.obj (.stack)
                  20000004    00000ffc     --HOLE--

__llvm_prf_cnts 
*          0    20000000    00000000     UNINITIALIZED

.TI.bound:heap 
*          0    20002000    00006000     UNINITIALIZED
                  20002000    00006000     rtos 2.obj (.TI.bound:heap)

MODULE SUMMARY

       Module                         code   ro data   rw data
       ------                         ----   -------   -------
    .\
       rtos 2.obj                     8288   0         25868  
       tm4c123gh6pm_startup_ccs.obj   12     620       0      
       uart0.obj                      408    0         0      
       rtos_asm.obj                   52     0         0      
       wait.obj                       36     0         0      
    +--+------------------------------+------+---------+---------+
       Total:                         8796   620       25868  
                                                              
    C:\ti\ccs1110\ccs\tools\compiler\ti-cgt-arm_20.2.5.LTS\lib\rtsv7M4_T_le_v4SPD16_eabi.lib
       memcpy_t2.asm.obj              156    0         0      
       ull_div_t2.asm.obj             150    0         0      
       memset_t2.asm.obj              122    0         0      
       copy_decompress_lzss.c.obj     104    0         0      
       autoinit.c.obj                 68     0         0      
       boot_cortex_m.c.obj            52     0         0      
       ll_mul_t2.asm.obj              24     0         0      
       copy_decompress_none.c.obj     14     0         0      
       copy_zero_init.c.obj           12     0         0      
       exit.c.obj                     4      0         0      
       pre_init.c.obj                 4      0         0      
       div0.asm.obj                   2      0         0      
    +--+------------------------------+------+---------+---------+
       Total:                         712    0         0      
                                                              
       Stack:                         0      0         4096   
       Linker Generated:              0      71        0      
    +--+------------------------------+------+---------+---------+
       Grand Total:                   9508   691       29964  


LINKER GENERATED COPY TABLES

__TI_cinit_table @ 000027c0 records: 3, size/record: 8, table size: 24
	.data: load addr=00002790, load size=00000013 bytes, run addr=200014fc, run size=00000012 bytes, compression=lzss
	.TI.bound:heap: load addr=000027b0, load size=00000008 bytes, run addr=20002000, run size=00006000 bytes, compression=zero_init
	.bss: load addr=000027b8, load size=00000008 bytes, run addr=20001000, run size=000004fc bytes, compression=zero_init


LINKER GENERATED HANDLER TABLE

__TI_handler_table @ 000027a4 records: 3, size/record: 4, table size: 12
	index: 0, handler: __TI_decompress_lzss
	index: 1, handler: __TI_decompress_none
	index: 2, handler: __TI_zero_init


GLOBAL SYMBOLS: SORTED ALPHABETICALLY BY Name 

address   name                          
-------   ----                          
0000278b  C$$EXIT                       
0000277b  ResetISR                      
2000150a  TASKS_CREATED                 
20001240  Time                          
20001000  __STACK_END                   
00001000  __STACK_SIZE                  
20000200  __STACK_TOP                   
000027c0  __TI_CINIT_Base               
000027d8  __TI_CINIT_Limit              
000027a4  __TI_Handler_Table_Base       
000027b0  __TI_Handler_Table_Limit      
00002679  __TI_auto_init_nobinit_nopinit
00002611  __TI_decompress_lzss          
00002761  __TI_decompress_none          
ffffffff  __TI_pprof_out_hndl           
ffffffff  __TI_prof_data_size           
ffffffff  __TI_prof_data_start          
00000000  __TI_static_base__            
0000276f  __TI_zero_init                
0000278f  __aeabi_idiv0                 
0000278f  __aeabi_ldiv0                 
00002749  __aeabi_lmul                  
00002597  __aeabi_memclr                
00002597  __aeabi_memclr4               
00002597  __aeabi_memclr8               
00002465  __aeabi_memcpy                
00002465  __aeabi_memcpy4               
00002465  __aeabi_memcpy8               
00002599  __aeabi_memset                
00002599  __aeabi_memset4               
00002599  __aeabi_memset8               
00002501  __aeabi_uldivmod              
ffffffff  __binit__                     
ffffffff  __c_args__                    
UNDEFED   __mpu_init                    
20000000  __stack                       
20000000  __start___llvm_prf_cnts       
20000000  __stop___llvm_prf_cnts        
000026bd  _c_int00_noargs               
UNDEFED   _system_post_cinit            
00002787  _system_pre_init              
0000278b  abort                         
0000119b  activateASP                   
ffffffff  binit                         
0000071b  callpidoff                    
00000727  callrun                       
00000629  createSemaphore               
000003fd  createThread                  
2000138c  data                          
00001829  debounce                      
000005b9  destroyThread                 
20001506  flag                          
000016a1  flash4Hz                      
20001408  floatCpu                      
00000000  g_pfnVectors                  
000014a9  getFieldInteger               
0000145f  getFieldString                
00002703  getMSP                        
000026fd  getPSP                        
0000271d  getR0fromPSP                  
00002709  getSvcnumber                  
000023eb  getcUart0                     
00001607  getsUart0                     
20002000  heap                          
00001259  i_to_a                        
00001685  idle                          
0000187b  important                     
00000fc1  initHw                        
0000026d  initRtos                      
000022cd  initUart0                     
20001468  intCpu                        
00001599  isCommand                     
00002407  kbhitUart0                    
000016e3  lengthyFn                     
0000208d  main                          
00002465  memcpy                        
0000259f  memset                        
00001211  number_of_digits              
000016b5  oneshot                       
00001375  parseFields                   
000016d3  partOfLengthyFn               
00000881  pendSvIsr                     
20001500  pidCounter                    
20001507  ping                          
20001508  pong                          
000011b3  popRegs                       
0000070d  post                          
00001155  power                         
20001505  preemption                    
000011c3  pushRegs                      
000023a1  putcUart0                     
000023bf  putsUart0                     
00001773  readKeys                      
000010b1  readPbs                       
000005a9  restartThread                 
000002bb  rtosScheduler                 
20001504  scheduler                     
20001300  semaphores                    
000026f7  setMSP                        
000026f1  setPSP                        
000005d1  setThreadPriority             
00002361  setUart0BaudRate              
000011d3  setxPRSR                      
000018bd  shell                         
000006f3  sleep                         
0000067d  startRtos                     
200014c8  str                           
00001555  strCompare                    
000011e5  stringCopy                    
000009f9  svCallIsr                     
00000749  systickIsr                    
200014fd  taskCount                     
200014fc  taskCurrent                   
20001000  tcb                           
20001509  temp                          
0000186b  uncooperative                 
000006ff  wait                          
00002725  waitMicrosecond               
000006ef  yield                         


GLOBAL SYMBOLS: SORTED BY Symbol Address 

address   name                          
-------   ----                          
00000000  __TI_static_base__            
00000000  g_pfnVectors                  
0000026d  initRtos                      
000002bb  rtosScheduler                 
000003fd  createThread                  
000005a9  restartThread                 
000005b9  destroyThread                 
000005d1  setThreadPriority             
00000629  createSemaphore               
0000067d  startRtos                     
000006ef  yield                         
000006f3  sleep                         
000006ff  wait                          
0000070d  post                          
0000071b  callpidoff                    
00000727  callrun                       
00000749  systickIsr                    
00000881  pendSvIsr                     
000009f9  svCallIsr                     
00000fc1  initHw                        
00001000  __STACK_SIZE                  
000010b1  readPbs                       
00001155  power                         
0000119b  activateASP                   
000011b3  popRegs                       
000011c3  pushRegs                      
000011d3  setxPRSR                      
000011e5  stringCopy                    
00001211  number_of_digits              
00001259  i_to_a                        
00001375  parseFields                   
0000145f  getFieldString                
000014a9  getFieldInteger               
00001555  strCompare                    
00001599  isCommand                     
00001607  getsUart0                     
00001685  idle                          
000016a1  flash4Hz                      
000016b5  oneshot                       
000016d3  partOfLengthyFn               
000016e3  lengthyFn                     
00001773  readKeys                      
00001829  debounce                      
0000186b  uncooperative                 
0000187b  important                     
000018bd  shell                         
0000208d  main                          
000022cd  initUart0                     
00002361  setUart0BaudRate              
000023a1  putcUart0                     
000023bf  putsUart0                     
000023eb  getcUart0                     
00002407  kbhitUart0                    
00002465  __aeabi_memcpy                
00002465  __aeabi_memcpy4               
00002465  __aeabi_memcpy8               
00002465  memcpy                        
00002501  __aeabi_uldivmod              
00002597  __aeabi_memclr                
00002597  __aeabi_memclr4               
00002597  __aeabi_memclr8               
00002599  __aeabi_memset                
00002599  __aeabi_memset4               
00002599  __aeabi_memset8               
0000259f  memset                        
00002611  __TI_decompress_lzss          
00002679  __TI_auto_init_nobinit_nopinit
000026bd  _c_int00_noargs               
000026f1  setPSP                        
000026f7  setMSP                        
000026fd  getPSP                        
00002703  getMSP                        
00002709  getSvcnumber                  
0000271d  getR0fromPSP                  
00002725  waitMicrosecond               
00002749  __aeabi_lmul                  
00002761  __TI_decompress_none          
0000276f  __TI_zero_init                
0000277b  ResetISR                      
00002787  _system_pre_init              
0000278b  C$$EXIT                       
0000278b  abort                         
0000278f  __aeabi_idiv0                 
0000278f  __aeabi_ldiv0                 
000027a4  __TI_Handler_Table_Base       
000027b0  __TI_Handler_Table_Limit      
000027c0  __TI_CINIT_Base               
000027d8  __TI_CINIT_Limit              
20000000  __stack                       
20000000  __start___llvm_prf_cnts       
20000000  __stop___llvm_prf_cnts        
20000200  __STACK_TOP                   
20001000  __STACK_END                   
20001000  tcb                           
20001240  Time                          
20001300  semaphores                    
2000138c  data                          
20001408  floatCpu                      
20001468  intCpu                        
200014c8  str                           
200014fc  taskCurrent                   
200014fd  taskCount                     
20001500  pidCounter                    
20001504  scheduler                     
20001505  preemption                    
20001506  flag                          
20001507  ping                          
20001508  pong                          
20001509  temp                          
2000150a  TASKS_CREATED                 
20002000  heap                          
ffffffff  __TI_pprof_out_hndl           
ffffffff  __TI_prof_data_size           
ffffffff  __TI_prof_data_start          
ffffffff  __binit__                     
ffffffff  __c_args__                    
ffffffff  binit                         
UNDEFED   __mpu_init                    
UNDEFED   _system_post_cinit            

[119 symbols]
